// Vitest Snapshot v1, https://vitest.dev/guide/snapshot.html

exports[`DisplayPromptCore > has no action if dismissible false 1`] = `
"<div class="display-prompt error customClassName" data-test-id="display-prompt">
  <div class="display-prompt-icon" data-test-id="prompt-icon"><span class="fa fa-ban"></span></div>
  <div class="display-prompt-content">
    <p class="display-prompt-content-text wght-700" data-test-id="display-prompt-title">Title slot text</p>
    <p class="display-prompt-content-text" data-test-id="display-prompt-content">Content slot text</p>
  </div>
  <!--v-if-->
</div>"
`;
